
Allocating common symbols
Common symbol       size              file

uart_rec            0xa               init.o
nmi_caller          0x4               1c102_cmdline.o
exti_irq_handle     0x80              1c102_Interrupt.o
STS                 0x1               ls1c102_i2c.o
uart_rec_len        0x1               init.o
_rand_next          0x4               ls1x_printf.o
Flash_pe            0x1               ls1x_flash.o

Discarded input sections

 .text          0x0000000000000000       0x14 start.o
 .data          0x0000000000000000        0x0 start.o
 .bss           0x0000000000000000        0x0 start.o
 .data          0x0000000000000000        0x0 serial.o
 .bss           0x0000000000000000        0x0 serial.o
 .data          0x0000000000000000        0x0 wakeup.o
 .bss           0x0000000000000000        0x0 wakeup.o
 .text          0x0000000000000000        0x0 UserGpio.o
 .data          0x0000000000000000        0x0 UserGpio.o
 .bss           0x0000000000000000        0x0 UserGpio.o
 .eh_frame      0x0000000000000000       0x3c UserGpio.o
 .text          0x0000000000000000        0x0 init.o
 .data          0x0000000000000000        0x0 init.o
 .bss           0x0000000000000000        0x0 init.o
 .eh_frame      0x0000000000000000       0x3c init.o
 COMMON         0x0000000000000000        0xb init.o
 .text          0x0000000000000000        0x0 ls1x_gpio.o
 .data          0x0000000000000000        0x0 ls1x_gpio.o
 .bss           0x0000000000000000        0x0 ls1x_gpio.o
 .text.GPIO_Init
                0x0000000000000000       0x68 ls1x_gpio.o
 .text.gpio_set_InputStatus
                0x0000000000000000      0x128 ls1x_gpio.o
 .eh_frame      0x0000000000000000      0x110 ls1x_gpio.o
 .text          0x0000000000000000        0x0 ls1x_spi.o
 .data          0x0000000000000000        0x0 ls1x_spi.o
 .bss           0x0000000000000000        0x0 ls1x_spi.o
 .rodata        0x0000000000000000       0x42 ls1x_spi.o
 .text.Spi_FreqDiv
                0x0000000000000000      0x140 ls1x_spi.o
 .text.Spi_Init
                0x0000000000000000       0x70 ls1x_spi.o
 .text.Spi_Write_Read_1to4
                0x0000000000000000       0xf0 ls1x_spi.o
 .text.Spi_Write_Read_N
                0x0000000000000000      0x124 ls1x_spi.o
 .text.Spi_Cs_Down
                0x0000000000000000       0x58 ls1x_spi.o
 .text.Spi_Cs_Up
                0x0000000000000000       0x54 ls1x_spi.o
 .text.Spi_Send
                0x0000000000000000       0x40 ls1x_spi.o
 .text.Spiflash_Rdsr
                0x0000000000000000       0x4c ls1x_spi.o
 .text.Spiflash_Wait_Wip_Zero
                0x0000000000000000       0x38 ls1x_spi.o
 .text.Spiflash_Wren
                0x0000000000000000       0x4c ls1x_spi.o
 .text.Spiflash_Wrsr
                0x0000000000000000       0x5c ls1x_spi.o
 .text.Spiflash_Rdsr2
                0x0000000000000000       0x4c ls1x_spi.o
 .text.Spiflash_Rdsr3
                0x0000000000000000       0x4c ls1x_spi.o
 .text.Spiflash_Rdid
                0x0000000000000000       0x68 ls1x_spi.o
 .text.Spiflash_Sector_Erase
                0x0000000000000000       0x90 ls1x_spi.o
 .text.Spiflash_Block64k_Erase
                0x0000000000000000       0x90 ls1x_spi.o
 .text.Spiflash_Page_Program
                0x0000000000000000       0xa4 ls1x_spi.o
 .text.Spiflash_Read_Bytes
                0x0000000000000000       0x9c ls1x_spi.o
 .text.SPI_TransByte
                0x0000000000000000       0xe8 ls1x_spi.o
 .text.SpiFlashCsn0Enable
                0x0000000000000000       0x28 ls1x_spi.o
 .text.SpiFlashCsn0Disable
                0x0000000000000000       0x28 ls1x_spi.o
 .comment       0x0000000000000000       0x12 ls1x_spi.o
 .eh_frame      0x0000000000000000      0x320 ls1x_spi.o
 .text          0x0000000000000000        0x0 ls1x_printf.o
 .data          0x0000000000000000        0x0 ls1x_printf.o
 .bss           0x0000000000000000        0x0 ls1x_printf.o
 .rodata        0x0000000000000000        0x7 ls1x_printf.o
 .text.printBuf
                0x0000000000000000       0x78 ls1x_printf.o
 .text.mygetchar
                0x0000000000000000       0x38 ls1x_printf.o
 .text.vsputs   0x0000000000000000       0x54 ls1x_printf.o
 .text.vsputchar
                0x0000000000000000       0x44 ls1x_printf.o
 .text.vsprintbase
                0x0000000000000000      0x17c ls1x_printf.o
 .text.vsprintf
                0x0000000000000000      0x3d8 ls1x_printf.o
 .rodata.vsprintf
                0x0000000000000000      0x150 ls1x_printf.o
 .text.sprintf  0x0000000000000000       0x6c ls1x_printf.o
 .text.rand     0x0000000000000000       0x5c ls1x_printf.o
 .eh_frame      0x0000000000000000      0x27c ls1x_printf.o
 COMMON         0x0000000000000000        0x4 ls1x_printf.o
 .text          0x0000000000000000        0x0 ls1x_uart.o
 .data          0x0000000000000000        0x0 ls1x_uart.o
 .bss           0x0000000000000000        0x0 ls1x_uart.o
 .text.Uart_init
                0x0000000000000000       0xa4 ls1x_uart.o
 .text.UART_ReceiveData
                0x0000000000000000       0x4c ls1x_uart.o
 .text.UART_GetFlagStatus
                0x0000000000000000       0x64 ls1x_uart.o
 .text.UART_GetITStatus
                0x0000000000000000       0x60 ls1x_uart.o
 .text.UART_ClearITPendingBit
                0x0000000000000000       0xa4 ls1x_uart.o
 .text.UartInit
                0x0000000000000000       0x6c ls1x_uart.o
 .text.Uart0_init
                0x0000000000000000       0xc4 ls1x_uart.o
 .text.Uart1_init_test
                0x0000000000000000       0x80 ls1x_uart.o
 .eh_frame      0x0000000000000000      0x2a4 ls1x_uart.o
 .text          0x0000000000000000        0x0 ls1x_clock.o
 .data          0x0000000000000000        0x0 ls1x_clock.o
 .bss           0x0000000000000000        0x0 ls1x_clock.o
 .text.CLOCK_checkSelect
                0x0000000000000000       0xc0 ls1x_clock.o
 .text.CLOCK_GetFlagStatus
                0x0000000000000000       0x3c ls1x_clock.o
 .text.CLOCK_GetClocksFreq
                0x0000000000000000       0x6c ls1x_clock.o
 .eh_frame      0x0000000000000000      0x18c ls1x_clock.o
 .text          0x0000000000000000        0x0 ls1x_common.o
 .data          0x0000000000000000        0x0 ls1x_common.o
 .bss           0x0000000000000000        0x0 ls1x_common.o
 .text.IsGlobalIntOpen
                0x0000000000000000       0x38 ls1x_common.o
 .text.DisableExtInt
                0x0000000000000000       0x40 ls1x_common.o
 .text.EnableExtInt
                0x0000000000000000       0x3c ls1x_common.o
 .text.Set_soft_int
                0x0000000000000000       0x24 ls1x_common.o
 .text.Set_soft_stop
                0x0000000000000000       0x24 ls1x_common.o
 .text.Set_Timer_Init
                0x0000000000000000       0x30 ls1x_common.o
 .text.Wake_256sec_Set
                0x0000000000000000       0xa8 ls1x_common.o
 .eh_frame      0x0000000000000000      0x19c ls1x_common.o
 .text          0x0000000000000000        0x0 ls1x_pmu.o
 .data          0x0000000000000000        0x0 ls1x_pmu.o
 .bss           0x0000000000000000        0x0 ls1x_pmu.o
 .eh_frame      0x0000000000000000       0x58 ls1x_pmu.o
 .text          0x0000000000000000        0x0 ls1x_logo.o
 .data          0x0000000000000000        0x0 ls1x_logo.o
 .bss           0x0000000000000000        0x0 ls1x_logo.o
 .eh_frame      0x0000000000000000       0x3c ls1x_logo.o
 .text          0x0000000000000000        0x0 ls1x_latimer.o
 .data          0x0000000000000000        0x0 ls1x_latimer.o
 .bss           0x0000000000000000        0x0 ls1x_latimer.o
 .text.close_count
                0x0000000000000000       0x24 ls1x_latimer.o
 .text.delay_us
                0x0000000000000000       0x38 ls1x_latimer.o
 .text.SetTime  0x0000000000000000       0x54 ls1x_latimer.o
 .text.CompareTime
                0x0000000000000000       0x50 ls1x_latimer.o
 .eh_frame      0x0000000000000000      0x19c ls1x_latimer.o
 .text          0x0000000000000000        0x0 ls1x_string.o
 .data          0x0000000000000000        0x0 ls1x_string.o
 .bss           0x0000000000000000        0x0 ls1x_string.o
 .text.memcmp   0x0000000000000000       0x88 ls1x_string.o
 .text.memcpy   0x0000000000000000       0x70 ls1x_string.o
 .text.memset   0x0000000000000000       0x60 ls1x_string.o
 .text.strstr   0x0000000000000000       0xe0 ls1x_string.o
 .text.pstrstr  0x0000000000000000       0xc8 ls1x_string.o
 .text.strchr   0x0000000000000000       0x80 ls1x_string.o
 .text.atoi     0x0000000000000000       0xe4 ls1x_string.o
 .text.itoa     0x0000000000000000      0x17c ls1x_string.o
 .text.strcat   0x0000000000000000       0xa0 ls1x_string.o
 .text.strcmp   0x0000000000000000       0x84 ls1x_string.o
 .text.strcpy   0x0000000000000000       0x5c ls1x_string.o
 .text.strlen   0x0000000000000000       0x4c ls1x_string.o
 .text.isContained
                0x0000000000000000       0x78 ls1x_string.o
 .text.strtok_r
                0x0000000000000000      0x1d4 ls1x_string.o
 .text.str_to_hex
                0x0000000000000000       0xf4 ls1x_string.o
 .text.atohex   0x0000000000000000      0x164 ls1x_string.o
 .comment       0x0000000000000000       0x12 ls1x_string.o
 .eh_frame      0x0000000000000000      0x258 ls1x_string.o
 .text          0x0000000000000000        0x0 ls1x_flash.o
 .data          0x0000000000000000        0x0 ls1x_flash.o
 .bss           0x0000000000000000        0x0 ls1x_flash.o
 .text.FLASH_ErasePage
                0x0000000000000000       0x50 ls1x_flash.o
 .text.FLASH_EraseUserFlash
                0x0000000000000000       0x9c ls1x_flash.o
 .text.FLASH_ReadPage
                0x0000000000000000       0xa4 ls1x_flash.o
 .text.FLASH_WitePage
                0x0000000000000000      0x48c ls1x_flash.o
 .text.ls1c_flash_write2
                0x0000000000000000      0x17c ls1x_flash.o
 .text.ls1c_flash_write_data
                0x0000000000000000      0x144 ls1x_flash.o
 .text.FLASH_WaitForPeEnd
                0x0000000000000000       0x80 ls1x_flash.o
 .text.FLASH_GetStatus
                0x0000000000000000       0x34 ls1x_flash.o
 .text.FLASH_GetFlagStatus
                0x0000000000000000       0x4c ls1x_flash.o
 .text.FLASH_ITConfig
                0x0000000000000000       0x64 ls1x_flash.o
 .text.FLASH_ITCmd
                0x0000000000000000       0x68 ls1x_flash.o
 .text.FLASH_ClearIT
                0x0000000000000000       0x50 ls1x_flash.o
 .text.FLASH_WiteTest
                0x0000000000000000       0xa4 ls1x_flash.o
 .rodata        0x0000000000000000        0xa ls1x_flash.o
 .text.FLASH_ReadTest
                0x0000000000000000       0xc0 ls1x_flash.o
 .comment       0x0000000000000000       0x12 ls1x_flash.o
 .eh_frame      0x0000000000000000      0x21c ls1x_flash.o
 COMMON         0x0000000000000000        0x1 ls1x_flash.o
 .text          0x0000000000000000        0x0 ls1x_rtc.o
 .data          0x0000000000000000        0x0 ls1x_rtc.o
 .bss           0x0000000000000000        0x0 ls1x_rtc.o
 .text.Rtc_Read
                0x0000000000000000       0xec ls1x_rtc.o
 .text.Rtc_Write
                0x0000000000000000      0x16c ls1x_rtc.o
 .text.RtcUpdateData
                0x0000000000000000       0x4c ls1x_rtc.o
 .comment       0x0000000000000000       0x12 ls1x_rtc.o
 .eh_frame      0x0000000000000000       0x80 ls1x_rtc.o
 .text          0x0000000000000000        0x0 ls1x_exti.o
 .data          0x0000000000000000        0x0 ls1x_exti.o
 .bss           0x0000000000000000        0x0 ls1x_exti.o
 .text.EXTI_DeInit
                0x0000000000000000       0x40 ls1x_exti.o
 .text.EXTI_Init
                0x0000000000000000      0x188 ls1x_exti.o
 .text.EXTI_StructInit
                0x0000000000000000       0x44 ls1x_exti.o
 .text.EXTI_GetFlagStatus
                0x0000000000000000       0x50 ls1x_exti.o
 .text.EXTI_ClearFlag
                0x0000000000000000       0x3c ls1x_exti.o
 .text.EXTI_GetITStatus
                0x0000000000000000       0x70 ls1x_exti.o
 .eh_frame      0x0000000000000000       0xfc ls1x_exti.o
 .text          0x0000000000000000        0x0 ls1x_wdg.o
 .data          0x0000000000000000        0x0 ls1x_wdg.o
 .bss           0x0000000000000000        0x0 ls1x_wdg.o
 .eh_frame      0x0000000000000000       0xa4 ls1x_wdg.o
 .text          0x0000000000000000        0x0 ls1c102_i2c.o
 .data          0x0000000000000000        0x0 ls1c102_i2c.o
 .bss           0x0000000000000000        0x0 ls1c102_i2c.o
 .text.I2C_delay_my
                0x0000000000000000       0x3c ls1c102_i2c.o
 .text.I2C_Init
                0x0000000000000000      0x104 ls1c102_i2c.o
 .text.I2C_StructInit
                0x0000000000000000       0x5c ls1c102_i2c.o
 .text.I2C_ITConfig
                0x0000000000000000       0x6c ls1c102_i2c.o
 .text.I2C_ITCmd
                0x0000000000000000       0x90 ls1c102_i2c.o
 .text.I2C_GenerateSTART
                0x0000000000000000       0x7c ls1c102_i2c.o
 .text.I2C_GenerateSTOP
                0x0000000000000000       0x7c ls1c102_i2c.o
 .text.I2C_AcknowledgeConfig
                0x0000000000000000       0x6c ls1c102_i2c.o
 .text.I2C_SendData
                0x0000000000000000       0x58 ls1c102_i2c.o
 .text.I2C_ReceiveData
                0x0000000000000000       0x60 ls1c102_i2c.o
 .rodata        0x0000000000000000       0xaf ls1c102_i2c.o
 .text.I2C_Send7bitAddress
                0x0000000000000000       0xac ls1c102_i2c.o
 .text.I2C_ReadRegister
                0x0000000000000000       0x50 ls1c102_i2c.o
 .text.I2C_ClearFlag
                0x0000000000000000       0x48 ls1c102_i2c.o
 .text.I2C_GetStatus
                0x0000000000000000       0x5c ls1c102_i2c.o
 .text.I2C_ClearIT
                0x0000000000000000       0x50 ls1c102_i2c.o
 .text.I2C_wait
                0x0000000000000000       0x48 ls1c102_i2c.o
 .text.I2C_BUSY
                0x0000000000000000       0x48 ls1c102_i2c.o
 .text.I2C_Unlock
                0x0000000000000000       0x54 ls1c102_i2c.o
 .text.CAT24_Write
                0x0000000000000000      0x15c ls1c102_i2c.o
 .text.CAT24_Read
                0x0000000000000000      0x160 ls1c102_i2c.o
 .text.CAT24_Write_Int
                0x0000000000000000      0x140 ls1c102_i2c.o
 .text.CAT24_Read_Int
                0x0000000000000000      0x16c ls1c102_i2c.o
 .eh_frame      0x0000000000000000      0x4e0 ls1c102_i2c.o
 COMMON         0x0000000000000000        0x1 ls1c102_i2c.o
 .text          0x0000000000000000        0x0 ls1c102_vpwm.o
 .data          0x0000000000000000        0x0 ls1c102_vpwm.o
 .bss           0x0000000000000000        0x0 ls1c102_vpwm.o
 .comment       0x0000000000000000       0x12 ls1c102_vpwm.o
 .text          0x0000000000000000        0x0 ls1c102_adc.o
 .data          0x0000000000000000        0x0 ls1c102_adc.o
 .bss           0x0000000000000000        0x0 ls1c102_adc.o
 .text.Adc_powerOn
                0x0000000000000000       0x54 ls1c102_adc.o
 .text.Adc_powerOff
                0x0000000000000000       0x50 ls1c102_adc.o
 .text.Adc_open
                0x0000000000000000       0xb0 ls1c102_adc.o
 .text.Adc_close
                0x0000000000000000       0xe4 ls1c102_adc.o
 .text.Adc_openGroup
                0x0000000000000000       0xa0 ls1c102_adc.o
 .text.Adc_closeGroup
                0x0000000000000000       0xd4 ls1c102_adc.o
 .text.Adc_singleMeasure
                0x0000000000000000       0x90 ls1c102_adc.o
 .text.Adc_Measure
                0x0000000000000000       0xdc ls1c102_adc.o
 .text.Adc_getVoltage
                0x0000000000000000       0x68 ls1c102_adc.o
 .comment       0x0000000000000000       0x12 ls1c102_adc.o
 .eh_frame      0x0000000000000000      0x170 ls1c102_adc.o
 .text          0x0000000000000000        0x0 ls1c102_touch.o
 .data          0x0000000000000000        0x0 ls1c102_touch.o
 .bss           0x0000000000000000        0x0 ls1c102_touch.o
 .text.Touch_CountBaseInit
                0x0000000000000000       0x90 ls1c102_touch.o
 .text.Touch_PerformInit
                0x0000000000000000       0x88 ls1c102_touch.o
 .text.Touch_ControlConfig
                0x0000000000000000       0xc8 ls1c102_touch.o
 .text.TOUCH_Cmd
                0x0000000000000000       0x68 ls1c102_touch.o
 .text.TOUCH_EnablePollScan
                0x0000000000000000       0x30 ls1c102_touch.o
 .text.TOUCH_disablePollScan
                0x0000000000000000       0x34 ls1c102_touch.o
 .text.TOUCH_EnableSingleScan
                0x0000000000000000       0x30 ls1c102_touch.o
 .text.TOUCH_GetDownTh
                0x0000000000000000       0x48 ls1c102_touch.o
 .text.TOUCH_SetDownTh
                0x0000000000000000       0x7c ls1c102_touch.o
 .text.TOUCH_SetBaseVal
                0x0000000000000000       0x7c ls1c102_touch.o
 .text.TOUCH_SetChnAttr
                0x0000000000000000       0x7c ls1c102_touch.o
 .text.TOUCH_SetAllChnAttr
                0x0000000000000000       0x64 ls1c102_touch.o
 .text.TOUCH_SetAllChnAttr2
                0x0000000000000000       0x90 ls1c102_touch.o
 .text.TOUCH_Init
                0x0000000000000000       0xfc ls1c102_touch.o
 .eh_frame      0x0000000000000000      0x2bc ls1c102_touch.o
 .text          0x0000000000000000        0x0 ls1c102_ptimer.o
 .data          0x0000000000000000        0x0 ls1c102_ptimer.o
 .bss           0x0000000000000000        0x0 ls1c102_ptimer.o
 .text.TIM_Init
                0x0000000000000000       0xd8 ls1c102_ptimer.o
 .text.TIM_StructInit
                0x0000000000000000       0x7c ls1c102_ptimer.o
 .text.TIM_Cmd  0x0000000000000000       0x54 ls1c102_ptimer.o
 .text.TIM_ITConfig
                0x0000000000000000       0x90 ls1c102_ptimer.o
 .text.TIM_GetCounter
                0x0000000000000000       0x34 ls1c102_ptimer.o
 .text.TIM_SetCounter
                0x0000000000000000       0x30 ls1c102_ptimer.o
 .text.TIM_SetCompare
                0x0000000000000000       0x30 ls1c102_ptimer.o
 .text.TIM_GetCompare
                0x0000000000000000       0x34 ls1c102_ptimer.o
 .eh_frame      0x0000000000000000      0x168 ls1c102_ptimer.o
 .text          0x0000000000000000        0x0 1c102_cmdline.o
 .data          0x0000000000000000        0x0 1c102_cmdline.o
 .bss           0x0000000000000000        0x0 1c102_cmdline.o
 .rodata        0x0000000000000000      0x3a8 1c102_cmdline.o
 .data.cmd      0x0000000000000000      0x1f0 1c102_cmdline.o
 .text.do_exit  0x0000000000000000       0x28 1c102_cmdline.o
 .text.do_help  0x0000000000000000      0x208 1c102_cmdline.o
 .text.cmdline  0x0000000000000000      0xdbc 1c102_cmdline.o
 .comment       0x0000000000000000       0x12 1c102_cmdline.o
 .eh_frame      0x0000000000000000       0x84 1c102_cmdline.o
 COMMON         0x0000000000000000        0x4 1c102_cmdline.o
 .text          0x0000000000000000        0x0 1c102_cmd.o
 .data          0x0000000000000000        0x0 1c102_cmd.o
 .bss           0x0000000000000000        0x0 1c102_cmd.o
 .text.do_nothing
                0x0000000000000000       0x20 1c102_cmd.o
 .rodata        0x0000000000000000      0x875 1c102_cmd.o
 .text.do_d1    0x0000000000000000      0x114 1c102_cmd.o
 .text.do_d4    0x0000000000000000      0x120 1c102_cmd.o
 .text.do_m1    0x0000000000000000       0x90 1c102_cmd.o
 .text.do_m4    0x0000000000000000       0x8c 1c102_cmd.o
 .text.str2num  0x0000000000000000      0x214 1c102_cmd.o
 .text.v_play   0x0000000000000000       0x68 1c102_cmd.o
 .text.touch_reg_show
                0x0000000000000000      0x100 1c102_cmd.o
 .text.touch_value_show
                0x0000000000000000       0xd4 1c102_cmd.o
 .text.touch_test
                0x0000000000000000      0x274 1c102_cmd.o
 .text.hpet     0x0000000000000000      0x100 1c102_cmd.o
 .text.latimer  0x0000000000000000       0x94 1c102_cmd.o
 .text.delay    0x0000000000000000      0x104 1c102_cmd.o
 .text.wakeup   0x0000000000000000       0x90 1c102_cmd.o
 .text.a_to_n   0x0000000000000000       0x60 1c102_cmd.o
 .text.date     0x0000000000000000      0x48c 1c102_cmd.o
 .text.watch_dog
                0x0000000000000000       0x84 1c102_cmd.o
 .text.i2cp     0x0000000000000000       0x4c 1c102_cmd.o
 .text.i2cw     0x0000000000000000      0x10c 1c102_cmd.o
 .text.i2cr     0x0000000000000000       0xe0 1c102_cmd.o
 .text.adc      0x0000000000000000      0x1a4 1c102_cmd.o
 .text.batdet   0x0000000000000000      0x170 1c102_cmd.o
 .text.copy     0x0000000000000000      0x190 1c102_cmd.o
 .text.uart_init
                0x0000000000000000       0xac 1c102_cmd.o
 .text.sleep    0x0000000000000000       0xa4 1c102_cmd.o
 .text.spi_init
                0x0000000000000000       0x68 1c102_cmd.o
 .text.spi_write
                0x0000000000000000      0x134 1c102_cmd.o
 .text.spi_read
                0x0000000000000000      0x174 1c102_cmd.o
 .text.spi_erase
                0x0000000000000000       0x90 1c102_cmd.o
 .text.spi_flash
                0x0000000000000000      0x258 1c102_cmd.o
 .text.gpio_int_test
                0x0000000000000000       0x9c 1c102_cmd.o
 .text.gpio_int
                0x0000000000000000       0x34 1c102_cmd.o
 .text.tmp      0x0000000000000000       0x50 1c102_cmd.o
 .text.m4_flash
                0x0000000000000000       0xb4 1c102_cmd.o
 .text.copy_iram
                0x0000000000000000      0x138 1c102_cmd.o
 .comment       0x0000000000000000       0x12 1c102_cmd.o
 .eh_frame      0x0000000000000000      0x57c 1c102_cmd.o
 .text          0x0000000000000000        0x0 1c102_Interrupt.o
 .data          0x0000000000000000        0x0 1c102_Interrupt.o
 .bss           0x0000000000000000        0x0 1c102_Interrupt.o
 .text.SOFT_INT
                0x0000000000000000       0x34 1c102_Interrupt.o
 .text.TIMER_8M_INT
                0x0000000000000000       0x44 1c102_Interrupt.o
 .text.INTC     0x0000000000000000       0x1c 1c102_Interrupt.o
 .text.RING     0x0000000000000000       0x1c 1c102_Interrupt.o
 .eh_frame      0x0000000000000000      0x624 1c102_Interrupt.o
 COMMON         0x0000000000000000       0x80 1c102_Interrupt.o
 .text          0x0000000000000000        0x0 1c102_main.o
 .data          0x0000000000000000        0x0 1c102_main.o
 .bss           0x0000000000000000        0x0 1c102_main.o
 .eh_frame      0x0000000000000000       0x34 1c102_main.o
 .text          0x0000000000000000        0x0 SGP30.o
 .data          0x0000000000000000        0x0 SGP30.o
 .bss           0x0000000000000000        0x0 SGP30.o
 .eh_frame      0x0000000000000000       0xac SGP30.o
 .text          0x0000000000000000        0x0 SHT31.o
 .data          0x0000000000000000        0x0 SHT31.o
 .bss           0x0000000000000000        0x0 SHT31.o
 .eh_frame      0x0000000000000000       0xac SHT31.o

Memory Configuration

Name             Origin             Length             Attributes
flash            0x000000001c000000 0x0000000000020000 xr
IRAM             0x0000000080000000 0x0000000000001000 rw
DRAM             0x0000000080001000 0x0000000000001000 rw
*default*        0x0000000000000000 0xffffffffffffffff

Linker script and memory map


.text           0x000000001c000000     0x57d0
                0x000000001c000000                . = ALIGN (0x4)
 *(.text .text.*)
 .text._start   0x000000001c000000     0x1128 start.o
                0x000000001c000000                _start
                0x000000001c0000ac                cpu_wait
                0x000000001c000800                m4_flash_4k
 .text          0x000000001c001128       0xbc serial.o
                0x000000001c001128                serial_out
                0x000000001c001144                outputaddr
                0x000000001c0011a4                outputstring
 .text          0x000000001c0011e4      0x148 wakeup.o
                0x000000001c0011e4                cpu_sleep
                0x000000001c00128c                wakeup_reset
 .text.GPIOInit
                0x000000001c00132c       0x98 UserGpio.o
                0x000000001c00132c                GPIOInit
 .text.bsp_init
                0x000000001c0013c4       0xfc init.o
                0x000000001c0013c4                bsp_init
 .text.AFIO_RemapConfig
                0x000000001c0014c0       0xcc ls1x_gpio.o
                0x000000001c0014c0                AFIO_RemapConfig
 .text.gpio_get_pin
                0x000000001c00158c       0x50 ls1x_gpio.o
                0x000000001c00158c                gpio_get_pin
 .text.gpio_write_pin
                0x000000001c0015dc       0x78 ls1x_gpio.o
                0x000000001c0015dc                gpio_write_pin
 .text.gpio_pin_remap
                0x000000001c001654      0x20c ls1x_gpio.o
                0x000000001c001654                gpio_pin_remap
 .text.gpio_set_direction
                0x000000001c001860      0x128 ls1x_gpio.o
                0x000000001c001860                gpio_set_direction
 .text.myputchar
                0x000000001c001988       0x3c ls1x_printf.o
                0x000000001c001988                myputchar
 .text.myputchar2
                0x000000001c0019c4       0x84 ls1x_printf.o
                0x000000001c0019c4                myputchar2
 .text.printbase
                0x000000001c001a48      0x160 ls1x_printf.o
                0x000000001c001a48                printbase
 .text.printbase2
                0x000000001c001ba8      0x178 ls1x_printf.o
                0x000000001c001ba8                printbase2
 .text.puts     0x000000001c001d20       0x70 ls1x_printf.o
                0x000000001c001d20                puts
 .text.puts2    0x000000001c001d90       0x88 ls1x_printf.o
                0x000000001c001d90                puts2
 .text.myprintf
                0x000000001c001e18      0x3a4 ls1x_printf.o
                0x000000001c001e18                myprintf
 .text.myprintf2
                0x000000001c0021bc      0x414 ls1x_printf.o
                0x000000001c0021bc                myprintf2
 .text.UART_Init
                0x000000001c0025d0      0x2fc ls1x_uart.o
                0x000000001c0025d0                UART_Init
 .text.UART_StructInit
                0x000000001c0028cc       0x7c ls1x_uart.o
                0x000000001c0028cc                UART_StructInit
 .text.UART_ITConfig
                0x000000001c002948       0x88 ls1x_uart.o
                0x000000001c002948                UART_ITConfig
 .text.UART_SendData
                0x000000001c0029d0       0x4c ls1x_uart.o
                0x000000001c0029d0                UART_SendData
 .text.x_getchar
                0x000000001c002a1c       0x2c ls1x_uart.o
                0x000000001c002a1c                x_getchar
 .text.Uart1_init
                0x000000001c002a48       0x84 ls1x_uart.o
                0x000000001c002a48                Uart1_init
 .text.Uart2_init
                0x000000001c002acc       0x7c ls1x_uart.o
                0x000000001c002acc                Uart2_init
 .text.Uart0_send
                0x000000001c002b48       0x3c ls1x_uart.o
                0x000000001c002b48                Uart0_send
 .text.Uart1_send
                0x000000001c002b84       0x3c ls1x_uart.o
                0x000000001c002b84                Uart1_send
 .text.Uart2_send
                0x000000001c002bc0       0x3c ls1x_uart.o
                0x000000001c002bc0                Uart2_send
 .text.CLOCK_WaitForHSEStartUp
                0x000000001c002bfc       0x9c ls1x_clock.o
                0x000000001c002bfc                CLOCK_WaitForHSEStartUp
 .text.CLOCK_WaitForLSEStartUp
                0x000000001c002c98       0xe4 ls1x_clock.o
                0x000000001c002c98                CLOCK_WaitForLSEStartUp
 .text.CLOCK_HSEConfig
                0x000000001c002d7c       0xb4 ls1x_clock.o
                0x000000001c002d7c                CLOCK_HSEConfig
 .text.CLOCK_LSEConfig
                0x000000001c002e30       0x68 ls1x_clock.o
                0x000000001c002e30                CLOCK_LSEConfig
 .text.CLOCK_StructInit
                0x000000001c002e98       0x64 ls1x_clock.o
                0x000000001c002e98                CLOCK_StructInit
 .text.CLOCK_Init
                0x000000001c002efc      0x23c ls1x_clock.o
                0x000000001c002efc                CLOCK_Init
 .text.SystemClockInit
                0x000000001c003138       0x9c ls1x_clock.o
                0x000000001c003138                SystemClockInit
 .text.DisableInt
                0x000000001c0031d4       0x24 ls1x_common.o
                0x000000001c0031d4                DisableInt
 .text.EnableInt
                0x000000001c0031f8       0x24 ls1x_common.o
                0x000000001c0031f8                EnableInt
 .text.Set_Timer_stop
                0x000000001c00321c       0x20 ls1x_common.o
                0x000000001c00321c                Set_Timer_stop
 .text.Set_Timer_clear
                0x000000001c00323c       0x24 ls1x_common.o
                0x000000001c00323c                Set_Timer_clear
 .text.Wake_Set
                0x000000001c003260       0xac ls1x_common.o
                0x000000001c003260                Wake_Set
 .text.PMU_GetRstRrc
                0x000000001c00330c       0x6c ls1x_pmu.o
                0x000000001c00330c                PMU_GetRstRrc
 .text.PMU_GetBootSpiStatus
                0x000000001c003378       0x50 ls1x_pmu.o
                0x000000001c003378                PMU_GetBootSpiStatus
 .text.ls1x_logo
                0x000000001c0033c8       0x9c ls1x_logo.o
                0x000000001c0033c8                ls1x_logo
 .text.get_count
                0x000000001c003464       0x2c ls1x_latimer.o
                0x000000001c003464                get_count
 .text.open_count
                0x000000001c003490       0x24 ls1x_latimer.o
                0x000000001c003490                open_count
 .text.start_count
                0x000000001c0034b4       0x48 ls1x_latimer.o
                0x000000001c0034b4                start_count
 .text.stop_count
                0x000000001c0034fc       0x88 ls1x_latimer.o
                0x000000001c0034fc                stop_count
 .text.delay_cycle
                0x000000001c003584       0x60 ls1x_latimer.o
                0x000000001c003584                delay_cycle
 .text.delay_ms
                0x000000001c0035e4       0x40 ls1x_latimer.o
                0x000000001c0035e4                delay_ms
 .text.delay_s  0x000000001c003624       0x3c ls1x_latimer.o
                0x000000001c003624                delay_s
 .text.EXTI_ClearITPendingBit
                0x000000001c003660       0x3c ls1x_exti.o
                0x000000001c003660                EXTI_ClearITPendingBit
 .text.WDG_getOddValue
                0x000000001c00369c       0x88 ls1x_wdg.o
 .text.WDG_SetWatchDog
                0x000000001c003724       0x8c ls1x_wdg.o
                0x000000001c003724                WDG_SetWatchDog
 .text.WDG_DogFeed
                0x000000001c0037b0       0x2c ls1x_wdg.o
                0x000000001c0037b0                WDG_DogFeed
 .text.WdgInit  0x000000001c0037dc       0x30 ls1x_wdg.o
                0x000000001c0037dc                WdgInit
 .text.IIC_Delay
                0x000000001c00380c       0x3c ls1c102_i2c.o
                0x000000001c00380c                IIC_Delay
 .text.IIC_Init
                0x000000001c003848       0x6c ls1c102_i2c.o
                0x000000001c003848                IIC_Init
 .text.SDA_IN   0x000000001c0038b4       0x30 ls1c102_i2c.o
                0x000000001c0038b4                SDA_IN
 .text.SDA_OUT  0x000000001c0038e4       0x3c ls1c102_i2c.o
                0x000000001c0038e4                SDA_OUT
 .text.IIC_Start
                0x000000001c003920       0x60 ls1c102_i2c.o
                0x000000001c003920                IIC_Start
 .text.IIC_Stop
                0x000000001c003980       0x60 ls1c102_i2c.o
                0x000000001c003980                IIC_Stop
 .text.IIC_Wait_Ack
                0x000000001c0039e0       0x94 ls1c102_i2c.o
                0x000000001c0039e0                IIC_Wait_Ack
 .text.IIC_Ack  0x000000001c003a74       0x60 ls1c102_i2c.o
                0x000000001c003a74                IIC_Ack
 .text.IIC_NAck
                0x000000001c003ad4       0x60 ls1c102_i2c.o
                0x000000001c003ad4                IIC_NAck
 .text.IIC_Send_Byte
                0x000000001c003b34       0xac ls1c102_i2c.o
                0x000000001c003b34                IIC_Send_Byte
 .text.IIC_Read_Byte
                0x000000001c003be0       0xb4 ls1c102_i2c.o
                0x000000001c003be0                IIC_Read_Byte
 .text.TOUCH_GetBaseVal
                0x000000001c003c94       0x4c ls1c102_touch.o
                0x000000001c003c94                TOUCH_GetBaseVal
 .text.TOUCH_GetCountValue
                0x000000001c003ce0       0x4c ls1c102_touch.o
                0x000000001c003ce0                TOUCH_GetCountValue
 .text.Printf_KeyChannel
                0x000000001c003d2c       0x7c ls1c102_touch.o
                0x000000001c003d2c                Printf_KeyChannel
 .text.Printf_KeyType
                0x000000001c003da8       0x8c ls1c102_touch.o
                0x000000001c003da8                Printf_KeyType
 .text.Printf_KeyVal
                0x000000001c003e34      0x254 ls1c102_touch.o
                0x000000001c003e34                Printf_KeyVal
 .text.TIM_GetITStatus
                0x000000001c004088       0x4c ls1c102_ptimer.o
                0x000000001c004088                TIM_GetITStatus
 .text.TIM_ClearIT
                0x000000001c0040d4       0x5c ls1c102_ptimer.o
                0x000000001c0040d4                TIM_ClearIT
 .text.exti_gpioa0_irq_handler
                0x000000001c004130       0x4c 1c102_Interrupt.o
                0x000000001c004130                exti_gpioa0_irq_handler
 .text.exti_gpioa1_irq_handler
                0x000000001c00417c       0x4c 1c102_Interrupt.o
                0x000000001c00417c                exti_gpioa1_irq_handler
 .text.exti_gpioa2_irq_handler
                0x000000001c0041c8       0x4c 1c102_Interrupt.o
                0x000000001c0041c8                exti_gpioa2_irq_handler
 .text.exti_gpioa3_irq_handler
                0x000000001c004214       0x4c 1c102_Interrupt.o
                0x000000001c004214                exti_gpioa3_irq_handler
 .text.exti_gpioa4_irq_handler
                0x000000001c004260       0x4c 1c102_Interrupt.o
                0x000000001c004260                exti_gpioa4_irq_handler
 .text.exti_gpioa5_irq_handler
                0x000000001c0042ac       0x4c 1c102_Interrupt.o
                0x000000001c0042ac                exti_gpioa5_irq_handler
 .text.exti_gpioa6_irq_handler
                0x000000001c0042f8       0x4c 1c102_Interrupt.o
                0x000000001c0042f8                exti_gpioa6_irq_handler
 .text.exti_gpioa7_irq_handler
                0x000000001c004344       0x4c 1c102_Interrupt.o
                0x000000001c004344                exti_gpioa7_irq_handler
 .text.exti_gpiob0_irq_handler
                0x000000001c004390       0x4c 1c102_Interrupt.o
                0x000000001c004390                exti_gpiob0_irq_handler
 .text.exti_gpiob1_irq_handler
                0x000000001c0043dc       0x4c 1c102_Interrupt.o
                0x000000001c0043dc                exti_gpiob1_irq_handler
 .text.exti_gpiob2_irq_handler
                0x000000001c004428       0x4c 1c102_Interrupt.o
                0x000000001c004428                exti_gpiob2_irq_handler
 .text.exti_gpiob3_irq_handler
                0x000000001c004474       0x4c 1c102_Interrupt.o
                0x000000001c004474                exti_gpiob3_irq_handler
 .text.exti_gpiob4_irq_handler
                0x000000001c0044c0       0x4c 1c102_Interrupt.o
                0x000000001c0044c0                exti_gpiob4_irq_handler
 .text.exti_gpiob5_irq_handler
                0x000000001c00450c       0x4c 1c102_Interrupt.o
                0x000000001c00450c                exti_gpiob5_irq_handler
 .text.exti_gpiob6_irq_handler
                0x000000001c004558       0x4c 1c102_Interrupt.o
                0x000000001c004558                exti_gpiob6_irq_handler
 .text.exti_gpiob7_irq_handler
                0x000000001c0045a4       0x4c 1c102_Interrupt.o
                0x000000001c0045a4                exti_gpiob7_irq_handler
 .text.exti_gpioc0_irq_handler
                0x000000001c0045f0       0x4c 1c102_Interrupt.o
                0x000000001c0045f0                exti_gpioc0_irq_handler
 .text.exti_gpioc1_irq_handler
                0x000000001c00463c       0x4c 1c102_Interrupt.o
                0x000000001c00463c                exti_gpioc1_irq_handler
 .text.exti_gpioc2_irq_handler
                0x000000001c004688       0x4c 1c102_Interrupt.o
                0x000000001c004688                exti_gpioc2_irq_handler
 .text.exti_gpioc3_irq_handler
                0x000000001c0046d4       0x4c 1c102_Interrupt.o
                0x000000001c0046d4                exti_gpioc3_irq_handler
 .text.exti_gpioc4_irq_handler
                0x000000001c004720       0x4c 1c102_Interrupt.o
                0x000000001c004720                exti_gpioc4_irq_handler
 .text.exti_gpioc5_irq_handler
                0x000000001c00476c       0x4c 1c102_Interrupt.o
                0x000000001c00476c                exti_gpioc5_irq_handler
 .text.exti_gpioc6_irq_handler
                0x000000001c0047b8       0x4c 1c102_Interrupt.o
                0x000000001c0047b8                exti_gpioc6_irq_handler
 .text.exti_gpioc7_irq_handler
                0x000000001c004804       0x4c 1c102_Interrupt.o
                0x000000001c004804                exti_gpioc7_irq_handler
 .text.exti_gpiod0_irq_handler
                0x000000001c004850       0x4c 1c102_Interrupt.o
                0x000000001c004850                exti_gpiod0_irq_handler
 .text.exti_gpiod1_irq_handler
                0x000000001c00489c       0x4c 1c102_Interrupt.o
                0x000000001c00489c                exti_gpiod1_irq_handler
 .text.exti_gpiod2_irq_handler
                0x000000001c0048e8       0x4c 1c102_Interrupt.o
                0x000000001c0048e8                exti_gpiod2_irq_handler
 .text.exti_gpiod3_irq_handler
                0x000000001c004934       0x4c 1c102_Interrupt.o
                0x000000001c004934                exti_gpiod3_irq_handler
 .text.exti_gpiod4_irq_handler
                0x000000001c004980       0x4c 1c102_Interrupt.o
                0x000000001c004980                exti_gpiod4_irq_handler
 .text.exti_gpiod5_irq_handler
                0x000000001c0049cc       0x4c 1c102_Interrupt.o
                0x000000001c0049cc                exti_gpiod5_irq_handler
 .text.exti_gpiod6_irq_handler
                0x000000001c004a18       0x4c 1c102_Interrupt.o
                0x000000001c004a18                exti_gpiod6_irq_handler
 .text.exti_gpiod7_irq_handler
                0x000000001c004a64       0x4c 1c102_Interrupt.o
                0x000000001c004a64                exti_gpiod7_irq_handler
 .text.ext_handler
                0x000000001c004ab0       0xb8 1c102_Interrupt.o
                0x000000001c004ab0                ext_handler
 .text.TIMER_WAKE_INT
                0x000000001c004b68       0x50 1c102_Interrupt.o
                0x000000001c004b68                TIMER_WAKE_INT
 .text.TOUCH    0x000000001c004bb8       0x94 1c102_Interrupt.o
                0x000000001c004bb8                TOUCH
 .text.UART2_INT
                0x000000001c004c4c       0x3c 1c102_Interrupt.o
                0x000000001c004c4c                UART2_INT
 .text.BAT_FAIL
                0x000000001c004c88       0xd8 1c102_Interrupt.o
                0x000000001c004c88                BAT_FAIL
 .text.intc_handler
                0x000000001c004d60       0xac 1c102_Interrupt.o
                0x000000001c004d60                intc_handler
 .text.TIMER_HANDLER
                0x000000001c004e0c       0x38 1c102_Interrupt.o
                0x000000001c004e0c                TIMER_HANDLER
 .text.main     0x000000001c004e44      0x178 1c102_main.o
                0x000000001c004e44                main
 .text.unsigned_to_string
                0x000000001c004fbc      0x1c0 SGP30.o
                0x000000001c004fbc                unsigned_to_string
 .text.sgp30_init
                0x000000001c00517c       0x50 SGP30.o
                0x000000001c00517c                sgp30_init
 .text.sgp30_do_once
                0x000000001c0051cc       0x50 SGP30.o
                0x000000001c0051cc                sgp30_do_once
 .text.sgp30_read_once
                0x000000001c00521c      0x180 SGP30.o
                0x000000001c00521c                sgp30_read_once
 .text.signed_to_string
                0x000000001c00539c      0x1c0 SHT31.o
                0x000000001c00539c                signed_to_string
 .text.sht31_do_once
                0x000000001c00555c       0x50 SHT31.o
                0x000000001c00555c                sht31_do_once
 .text.sht31_read_once
                0x000000001c0055ac      0x180 SHT31.o
                0x000000001c0055ac                sht31_read_once
 .text.correct  0x000000001c00572c       0xa4 SHT31.o
                0x000000001c00572c                correct
                0x000000001c0057d0                . = ALIGN (0x4)
                0x000000001c0057d0                _etext = .

.rodata         0x000000001c0057e0      0xbc0
                0x000000001c0057e0                . = ALIGN (0x4)
 *(.rodata .rodata.*)
 .rodata        0x000000001c0057e0       0x1a serial.o
                0x000000001c0057e0                msg_wakeup
 *fill*         0x000000001c0057fa        0x2 
 .rodata        0x000000001c0057fc       0x38 init.o
 .rodata.myprintf
                0x000000001c005834      0x150 ls1x_printf.o
 .rodata.myprintf2
                0x000000001c005984      0x150 ls1x_printf.o
 .rodata        0x000000001c005ad4      0x387 ls1x_logo.o
 *fill*         0x000000001c005e5b        0x1 
 .rodata        0x000000001c005e5c       0x8d ls1c102_touch.o
 *fill*         0x000000001c005ee9        0x3 
 .rodata        0x000000001c005eec       0xd7 1c102_Interrupt.o
 *fill*         0x000000001c005fc3        0x1 
 .rodata.Ext_IrqHandle
                0x000000001c005fc4       0x80 1c102_Interrupt.o
                0x000000001c005fc4                Ext_IrqHandle
 .rodata.BAT_FAIL
                0x000000001c006044       0x44 1c102_Interrupt.o
 .rodata.__FUNCTION__.1573
                0x000000001c006088       0x18 1c102_Interrupt.o
 .rodata.__FUNCTION__.1577
                0x000000001c0060a0       0x18 1c102_Interrupt.o
 .rodata.__FUNCTION__.1581
                0x000000001c0060b8       0x18 1c102_Interrupt.o
 .rodata.__FUNCTION__.1585
                0x000000001c0060d0       0x18 1c102_Interrupt.o
 .rodata.__FUNCTION__.1589
                0x000000001c0060e8       0x18 1c102_Interrupt.o
 .rodata.__FUNCTION__.1593
                0x000000001c006100       0x18 1c102_Interrupt.o
 .rodata.__FUNCTION__.1597
                0x000000001c006118       0x18 1c102_Interrupt.o
 .rodata.__FUNCTION__.1601
                0x000000001c006130       0x18 1c102_Interrupt.o
 .rodata.__FUNCTION__.1605
                0x000000001c006148       0x18 1c102_Interrupt.o
 .rodata.__FUNCTION__.1609
                0x000000001c006160       0x18 1c102_Interrupt.o
 .rodata.__FUNCTION__.1613
                0x000000001c006178       0x18 1c102_Interrupt.o
 .rodata.__FUNCTION__.1617
                0x000000001c006190       0x18 1c102_Interrupt.o
 .rodata.__FUNCTION__.1621
                0x000000001c0061a8       0x18 1c102_Interrupt.o
 .rodata.__FUNCTION__.1625
                0x000000001c0061c0       0x18 1c102_Interrupt.o
 .rodata.__FUNCTION__.1629
                0x000000001c0061d8       0x18 1c102_Interrupt.o
 .rodata.__FUNCTION__.1633
                0x000000001c0061f0       0x18 1c102_Interrupt.o
 .rodata.__FUNCTION__.1637
                0x000000001c006208       0x18 1c102_Interrupt.o
 .rodata.__FUNCTION__.1641
                0x000000001c006220       0x18 1c102_Interrupt.o
 .rodata.__FUNCTION__.1645
                0x000000001c006238       0x18 1c102_Interrupt.o
 .rodata.__FUNCTION__.1649
                0x000000001c006250       0x18 1c102_Interrupt.o
 .rodata.__FUNCTION__.1653
                0x000000001c006268       0x18 1c102_Interrupt.o
 .rodata.__FUNCTION__.1657
                0x000000001c006280       0x18 1c102_Interrupt.o
 .rodata.__FUNCTION__.1661
                0x000000001c006298       0x18 1c102_Interrupt.o
 .rodata.__FUNCTION__.1665
                0x000000001c0062b0       0x18 1c102_Interrupt.o
 .rodata.__FUNCTION__.1669
                0x000000001c0062c8       0x18 1c102_Interrupt.o
 .rodata.__FUNCTION__.1673
                0x000000001c0062e0       0x18 1c102_Interrupt.o
 .rodata.__FUNCTION__.1677
                0x000000001c0062f8       0x18 1c102_Interrupt.o
 .rodata.__FUNCTION__.1681
                0x000000001c006310       0x18 1c102_Interrupt.o
 .rodata.__FUNCTION__.1685
                0x000000001c006328       0x18 1c102_Interrupt.o
 .rodata.__FUNCTION__.1689
                0x000000001c006340       0x18 1c102_Interrupt.o
 .rodata.__FUNCTION__.1693
                0x000000001c006358       0x18 1c102_Interrupt.o
 .rodata.__FUNCTION__.1697
                0x000000001c006370       0x18 1c102_Interrupt.o
 .rodata        0x000000001c006388       0x17 1c102_main.o
                0x000000001c0063a0                . = ALIGN (0x4)
 *fill*         0x000000001c00639f        0x1 
                0x000000001c0063a0                _sidata = ALIGN (., 0x4)
                0x000000001c0063a0                . = ALIGN (0x4)

.rela.dyn       0x000000001c0063a0        0x0
 .rela.got      0x000000001c0063a0        0x0 start.o
 .rela.rodata.myprintf
                0x000000001c0063a0        0x0 start.o
 .rela.rodata.myprintf2
                0x000000001c0063a0        0x0 start.o
 .rela.rodata.Ext_IrqHandle
                0x000000001c0063a0        0x0 start.o
 .rela.rodata.BAT_FAIL
                0x000000001c0063a0        0x0 start.o

.data           0x0000000080001000       0x14 load address 0x000000001c0063a0
                0x0000000080001000                _sdata = .
                0x0000000080001000                . = ALIGN (0x4)
 *(.got.plt)
 .got.plt       0x0000000080001000        0x0 start.o
                0x0000000080001000                . = ALIGN (0x4)
 *(.got)
 .got           0x0000000080001000       0x10 start.o
                0x0000000080001000                _GLOBAL_OFFSET_TABLE_
                0x0000000080001010                . = ALIGN (0x4)
 *(.data .data.*)
 .data.g_SystemFreq
                0x0000000080001010        0x4 ls1x_clock.o
                0x0000000080001010                g_SystemFreq
                0x0000000080001014                . = ALIGN (0x4)
                0x0000000080001014                _edata = .

.bss            0x0000000080000000        0xc
                0x0000000080000000                _sbss = .
                0x0000000080000000                . = ALIGN (0x4)
 *(.sbss)
                0x0000000080000000                . = ALIGN (0x4)
 *(.bss .bss.*)
 .bss.data.1433
                0x0000000080000000        0x4 SGP30.o
 .bss.data.1431
                0x0000000080000004        0x4 SHT31.o
 .bss.ans.1436  0x0000000080000008        0x4 SHT31.o
                0x000000008000000c                . = ALIGN (0x4)
 *(.scommon)
                0x000000008000000c                . = ALIGN (0x4)
 *(COMMON)
                0x000000008000000c                . = ALIGN (0x4)
                0x000000008000000c                _ebss = .
LOAD start.o
LOAD serial.o
LOAD wakeup.o
LOAD UserGpio.o
LOAD init.o
LOAD ls1x_gpio.o
LOAD ls1x_spi.o
LOAD ls1x_printf.o
LOAD ls1x_uart.o
LOAD ls1x_clock.o
LOAD ls1x_common.o
LOAD ls1x_pmu.o
LOAD ls1x_logo.o
LOAD ls1x_latimer.o
LOAD ls1x_string.o
LOAD ls1x_flash.o
LOAD ls1x_rtc.o
LOAD ls1x_exti.o
LOAD ls1x_wdg.o
LOAD ls1c102_i2c.o
LOAD ls1c102_vpwm.o
LOAD ls1c102_adc.o
LOAD ls1c102_touch.o
LOAD ls1c102_ptimer.o
LOAD 1c102_cmdline.o
LOAD 1c102_cmd.o
LOAD 1c102_Interrupt.o
LOAD 1c102_main.o
LOAD SGP30.o
LOAD SHT31.o
OUTPUT(i2c_oled_demo.elf elf32-loongarch)

.comment        0x0000000000000000       0x11
 .comment       0x0000000000000000       0x11 UserGpio.o
                                         0x12 (size before relaxing)
 .comment       0x0000000000000011       0x12 init.o
 .comment       0x0000000000000011       0x12 ls1x_gpio.o
 .comment       0x0000000000000011       0x12 ls1x_printf.o
 .comment       0x0000000000000011       0x12 ls1x_uart.o
 .comment       0x0000000000000011       0x12 ls1x_clock.o
 .comment       0x0000000000000011       0x12 ls1x_common.o
 .comment       0x0000000000000011       0x12 ls1x_pmu.o
 .comment       0x0000000000000011       0x12 ls1x_logo.o
 .comment       0x0000000000000011       0x12 ls1x_latimer.o
 .comment       0x0000000000000011       0x12 ls1x_exti.o
 .comment       0x0000000000000011       0x12 ls1x_wdg.o
 .comment       0x0000000000000011       0x12 ls1c102_i2c.o
 .comment       0x0000000000000011       0x12 ls1c102_touch.o
 .comment       0x0000000000000011       0x12 ls1c102_ptimer.o
 .comment       0x0000000000000011       0x12 1c102_Interrupt.o
 .comment       0x0000000000000011       0x12 1c102_main.o
 .comment       0x0000000000000011       0x12 SGP30.o
 .comment       0x0000000000000011       0x12 SHT31.o
